]0;/home/gam/fc-gam-talkgam@9b1c5d2242a4:~/fc-gam-talk$ [Kgam@9b1c5d2242a4:~/fc-gam-talk$ git status
fatal: Not a git repository (or any of the parent directories): .git
]0;/home/gam/fc-gam-talkgam@9b1c5d2242a4:~/fc-gam-talk$ git init
Initialized empty Git repository in /home/gam/fc-gam-talk/.git/
]0;/home/gam/fc-gam-talkgam@9b1c5d2242a4:~/fc-gam-talk$ git add --all
]0;/home/gam/fc-gam-talkgam@9b1c5d2242a4:~/fc-gam-talk$ git commit -m "added outlien of ta[K[K[K[K[K[K[K[Kne of talk  [A[C[C[C[C[C[C[C[C[C[C[C[C[C[C[C[C[C[C[C[C[C[C[C[C[C[C[C[C[C[C[C[C[C[C[C[C[C[C[C[C[C[C[C[C[C[C[C[C[C[C[C[C[C[C[C[C[C[C[C[C[C[C[C[C[C[C[C[C[K
[K[A[C[C[C[C[C[C[C[C[C[C[C[C[C[C[C[C[C[C[C[C[C[C[C[C[C[C[C[C[C[C[C[C[C[C[C[C[C[C[C[C[C[C[C[C[C[C[C[C[C[C[C[C[C[C[C[C[C[C[C[C[C[C[C[C[C[C[C[C"  [K[A[C[C[C[C[C[C[C[C[C[C[C[C[C[C[C[C[C[C[C[C[C[C[C[C[C[C[C[C[C[C[C[C[C[C[C[C[C[C[C[C[C[C[C[C[C[C[C[C[C[C[C[C[C[C[C[C[C[C[C[C[C[C[C[C[C[C[C[C[K"

*** Please tell me who you are.

Run

  git config --global user.email "you@example.com"
  git config --global user.name "Your Name"

to set your account's default identity.
Omit --global to set the identity only in this repository.

fatal: empty ident name (for <(null)>) not allowed
]0;/home/gam/fc-gam-talkgam@9b1c5d2242a4:~/fc-gam-talk$ [Kgam@9b1c5d2242a4:~/fc-gam-talk$ git config --global user.email s.e.ab bott12@gmail.com
]0;/home/gam/fc-gam-talkgam@9b1c5d2242a4:~/fc-gam-talk$ git config --global user.name  [Kseabbs
]0;/home/gam/fc-gam-talkgam@9b1c5d2242a4:~/fc-gam-talk$ git remote add origin https://github.ccom/seabbs/fc-gam-talk.git
]0;/home/gam/fc-gam-talkgam@9b1c5d2242a4:~/fc-gam-talk$ git push -u origin master
error: src refspec master does not match any.
error: failed to push some refs to 'https://github.com/seabbs/fc-gam-talk.git'
]0;/home/gam/fc-gam-talkgam@9b1c5d2242a4:~/fc-gam-talk$ [Kgam@9b1c5d2242a4:~/fc-gam-talk$ git status
On branch master

Initial commit

Changes to be committed:
  (use "git rm --cached <file>..." to unstage)

	[32mnew file:   .Rproj.user/B8EE9E0A/console06/E52E7404[m
	[32mnew file:   .Rproj.user/B8EE9E0A/console06/INDEX001[m
	[32mnew file:   .Rproj.user/B8EE9E0A/sources/prop/51E840D3[m
	[32mnew file:   .Rproj.user/B8EE9E0A/sources/prop/52AF534E[m
	[32mnew file:   .Rproj.user/B8EE9E0A/sources/prop/79B3D3D3[m
	[32mnew file:   .Rproj.user/B8EE9E0A/sources/prop/B2238FFC[m
	[32mnew file:   .Rproj.user/B8EE9E0A/sources/prop/INDEX[m
	[32mnew file:   .Rproj.user/B8EE9E0A/sources/s-d4649cdf/3844C2BD-contents[m
	[32mnew file:   .Rproj.user/B8EE9E0A/sources/s-d4649cdf/4F228328[m
	[32mnew file:   .Rproj.user/B8EE9E0A/sources/s-d4649cdf/4F228328-contents[m
	[32mnew file:   .Rproj.user/B8EE9E0A/sources/s-d4649cdf/8102DB36[m
	[32mnew file:   .Rproj.user/B8EE9E0A/sources/s-d4649cdf/8102DB36-contents[m
	[32mnew file:   .Rproj.user/B8EE9E0A/sources/s-d4649cdf/C91557E6[m
	[32mnew file:   .Rproj.user/B8EE9E0A/sources/s-d4649cdf/C91557E6-contents[m
	[32mnew file:   .Rproj.user/B8EE9E0A/sources/s-d4649cdf/FEE06711[m
	[32mnew file:   .Rproj.user/B8EE9E0A/sources/s-d4649cdf/FEE06711-contents[m
	[32mnew file:   .Rproj.user/B8EE9E0A/sources/s-d4649cdf/lock_file[m
	[32mnew file:   .Rproj.user/shared/notebooks/11D94CCF-presentation/1/B8EE9E0Ad4649cdf/chunks.json[m
	[32mnew file:   .Rproj.user/shared/notebooks/11D94CCF-presentation/1/s/chunks.json[m
	[32mnew file:   .Rproj.user/shared/notebooks/11D94CCF-presentation/1/s/csetup_chunk/000002.csv[m
	[32mnew file:   .Rproj.user/shared/notebooks/DB827AD7-README/1/B8EE9E0Ad4649cdf/chunks.json[m
	[32mnew file:   .Rproj.user/shared/notebooks/DB827AD7-README/1/s/chunks.json[m
	[32mnew file:   .Rproj.user/shared/notebooks/patch-chunk-names[m
	[32mnew file:   .Rproj.user/shared/notebooks/paths[m
	[32mnew file:   Dockerfile[m
	[32mnew file:   README.Rmd[m
	[32mnew file:   fc-gam-talk.Rproj[m
	[32mnew file:   libs/remark-css/default-fonts.css[m
	[32mnew file:   libs/remark-css/default.css[m
	[32mnew file:   package-setup.R[m
	[32mnew file:   presentation.Rmd[m
	[32mnew file:   presentation.html[m
	[32mnew file:   presentation_files/figure-html/map-global-inc-1.svg[m
	[32mnew file:   presentation_files/figure-html/plot-inc--by-country-1.svg[m
	[32mnew file:   presentation_files/figure-html/plot-tb-inc-overview-1.svg[m

Changes not staged for commit:
  (use "git add <file>..." to update what will be committed)
  (use "git checkout -- <file>..." to discard changes in working directory)

	[31mmodified:   .Rproj.user/B8EE9E0A/console06/E52E7404[m
	[31mmodified:   .Rproj.user/B8EE9E0A/console06/INDEX001[m

Untracked files:
  (use "git add <file>..." to include in what will be committed)

	[31m.Rproj.user/B8EE9E0A/console06/E52E7404.env[m

]0;/home/gam/fc-gam-talkgam@9b1c5d2242a4:~/fc-gam-talk$ git a[K[K[K[K[K[Kgam@9b1c5d2242a4:~/fc-gam-talk$ git add .gitignore
]0;/home/gam/fc-gam-talkgam@9b1c5d2242a4:~/fc-gam-talk$ gi[K[Kgit sgtatu[K[K[K[K[Ktatus
On branch master

Initial commit

Changes to be committed:
  (use "git rm --cached <file>..." to unstage)

	[32mnew file:   .Rproj.user/B8EE9E0A/console06/E52E7404[m
	[32mnew file:   .Rproj.user/B8EE9E0A/console06/INDEX001[m
	[32mnew file:   .Rproj.user/B8EE9E0A/sources/prop/51E840D3[m
	[32mnew file:   .Rproj.user/B8EE9E0A/sources/prop/52AF534E[m
	[32mnew file:   .Rproj.user/B8EE9E0A/sources/prop/79B3D3D3[m
	[32mnew file:   .Rproj.user/B8EE9E0A/sources/prop/B2238FFC[m
	[32mnew file:   .Rproj.user/B8EE9E0A/sources/prop/INDEX[m
	[32mnew file:   .Rproj.user/B8EE9E0A/sources/s-d4649cdf/3844C2BD-contents[m
	[32mnew file:   .Rproj.user/B8EE9E0A/sources/s-d4649cdf/4F228328[m
	[32mnew file:   .Rproj.user/B8EE9E0A/sources/s-d4649cdf/4F228328-contents[m
	[32mnew file:   .Rproj.user/B8EE9E0A/sources/s-d4649cdf/8102DB36[m
	[32mnew file:   .Rproj.user/B8EE9E0A/sources/s-d4649cdf/8102DB36-contents[m
	[32mnew file:   .Rproj.user/B8EE9E0A/sources/s-d4649cdf/C91557E6[m
	[32mnew file:   .Rproj.user/B8EE9E0A/sources/s-d4649cdf/C91557E6-contents[m
	[32mnew file:   .Rproj.user/B8EE9E0A/sources/s-d4649cdf/FEE06711[m
	[32mnew file:   .Rproj.user/B8EE9E0A/sources/s-d4649cdf/FEE06711-contents[m
	[32mnew file:   .Rproj.user/B8EE9E0A/sources/s-d4649cdf/lock_file[m
	[32mnew file:   .Rproj.user/shared/notebooks/11D94CCF-presentation/1/B8EE9E0Ad4649cdf/chunks.json[m
	[32mnew file:   .Rproj.user/shared/notebooks/11D94CCF-presentation/1/s/chunks.json[m
	[32mnew file:   .Rproj.user/shared/notebooks/11D94CCF-presentation/1/s/csetup_chunk/000002.csv[m
	[32mnew file:   .Rproj.user/shared/notebooks/DB827AD7-README/1/B8EE9E0Ad4649cdf/chunks.json[m
	[32mnew file:   .Rproj.user/shared/notebooks/DB827AD7-README/1/s/chunks.json[m
	[32mnew file:   .Rproj.user/shared/notebooks/patch-chunk-names[m
	[32mnew file:   .Rproj.user/shared/notebooks/paths[m
	[32mnew file:   .gitignore[m
	[32mnew file:   Dockerfile[m
	[32mnew file:   README.Rmd[m
	[32mnew file:   fc-gam-talk.Rproj[m
	[32mnew file:   libs/remark-css/default-fonts.css[m
	[32mnew file:   libs/remark-css/default.css[m
	[32mnew file:   package-setup.R[m
	[32mnew file:   presentation.Rmd[m
	[32mnew file:   presentation.html[m
	[32mnew file:   presentation_files/figure-html/map-global-inc-1.svg[m
	[32mnew file:   presentation_files/figure-html/plot-inc--by-country-1.svg[m
	[32mnew file:   presentation_files/figure-html/plot-tb-inc-overview-1.svg[m

Changes not staged for commit:
  (use "git add <file>..." to update what will be committed)
  (use "git checkout -- <file>..." to discard changes in working directory)

	[31mmodified:   .Rproj.user/B8EE9E0A/console06/E52E7404[m
	[31mmodified:   .Rproj.user/B8EE9E0A/console06/INDEX001[m
	[31mmodified:   .Rproj.user/B8EE9E0A/sources/prop/INDEX[m
	[31mmodified:   .Rproj.user/shared/notebooks/paths[m

]0;/home/gam/fc-gam-talkgam@9b1c5d2242a4:~/fc-gam-talk$ gadd [K[K[K[Kit add .gitignore
]0;/home/gam/fc-gam-talkgam@9b1c5d2242a4:~/fc-gam-talk$ git staut[K[Ktus
On branch master

Initial commit

Changes to be committed:
  (use "git rm --cached <file>..." to unstage)

	[32mnew file:   .Rproj.user/B8EE9E0A/console06/E52E7404[m
	[32mnew file:   .Rproj.user/B8EE9E0A/console06/INDEX001[m
	[32mnew file:   .Rproj.user/B8EE9E0A/sources/prop/51E840D3[m
	[32mnew file:   .Rproj.user/B8EE9E0A/sources/prop/52AF534E[m
	[32mnew file:   .Rproj.user/B8EE9E0A/sources/prop/79B3D3D3[m
	[32mnew file:   .Rproj.user/B8EE9E0A/sources/prop/B2238FFC[m
	[32mnew file:   .Rproj.user/B8EE9E0A/sources/prop/INDEX[m
	[32mnew file:   .Rproj.user/B8EE9E0A/sources/s-d4649cdf/3844C2BD-contents[m
	[32mnew file:   .Rproj.user/B8EE9E0A/sources/s-d4649cdf/4F228328[m
	[32mnew file:   .Rproj.user/B8EE9E0A/sources/s-d4649cdf/4F228328-contents[m
	[32mnew file:   .Rproj.user/B8EE9E0A/sources/s-d4649cdf/8102DB36[m
	[32mnew file:   .Rproj.user/B8EE9E0A/sources/s-d4649cdf/8102DB36-contents[m
	[32mnew file:   .Rproj.user/B8EE9E0A/sources/s-d4649cdf/C91557E6[m
	[32mnew file:   .Rproj.user/B8EE9E0A/sources/s-d4649cdf/C91557E6-contents[m
	[32mnew file:   .Rproj.user/B8EE9E0A/sources/s-d4649cdf/FEE06711[m
	[32mnew file:   .Rproj.user/B8EE9E0A/sources/s-d4649cdf/FEE06711-contents[m
	[32mnew file:   .Rproj.user/B8EE9E0A/sources/s-d4649cdf/lock_file[m
	[32mnew file:   .Rproj.user/shared/notebooks/11D94CCF-presentation/1/B8EE9E0Ad4649cdf/chunks.json[m
	[32mnew file:   .Rproj.user/shared/notebooks/11D94CCF-presentation/1/s/chunks.json[m
	[32mnew file:   .Rproj.user/shared/notebooks/11D94CCF-presentation/1/s/csetup_chunk/000002.csv[m
	[32mnew file:   .Rproj.user/shared/notebooks/DB827AD7-README/1/B8EE9E0Ad4649cdf/chunks.json[m
	[32mnew file:   .Rproj.user/shared/notebooks/DB827AD7-README/1/s/chunks.json[m
	[32mnew file:   .Rproj.user/shared/notebooks/patch-chunk-names[m
	[32mnew file:   .Rproj.user/shared/notebooks/paths[m
	[32mnew file:   .gitignore[m
	[32mnew file:   Dockerfile[m
	[32mnew file:   README.Rmd[m
	[32mnew file:   fc-gam-talk.Rproj[m
	[32mnew file:   libs/remark-css/default-fonts.css[m
	[32mnew file:   libs/remark-css/default.css[m
	[32mnew file:   package-setup.R[m
	[32mnew file:   presentation.Rmd[m
	[32mnew file:   presentation.html[m
	[32mnew file:   presentation_files/figure-html/map-global-inc-1.svg[m
	[32mnew file:   presentation_files/figure-html/plot-inc--by-country-1.svg[m
	[32mnew file:   presentation_files/figure-html/plot-tb-inc-overview-1.svg[m

Changes not staged for commit:
  (use "git add <file>..." to update what will be committed)
  (use "git checkout -- <file>..." to discard changes in working directory)

	[31mmodified:   .Rproj.user/B8EE9E0A/console06/E52E7404[m
	[31mmodified:   .Rproj.user/B8EE9E0A/console06/INDEX001[m
	[31mmodified:   .Rproj.user/B8EE9E0A/sources/prop/INDEX[m
	[31mmodified:   .Rproj.user/shared/notebooks/paths[m

]0;/home/gam/fc-gam-talkgam@9b1c5d2242a4:~/fc-gam-talk$ [Kgam@9b1c5d2242a4:~/fc-gam-talk$ got [K[K[Kit add .gitignore
]0;/home/gam/fc-gam-talkgam@9b1c5d2242a4:~/fc-gam-talk$ git status
On branch master

Initial commit

Changes to be committed:
  (use "git rm --cached <file>..." to unstage)

	[32mnew file:   .Rproj.user/B8EE9E0A/console06/E52E7404[m
	[32mnew file:   .Rproj.user/B8EE9E0A/console06/INDEX001[m
	[32mnew file:   .Rproj.user/B8EE9E0A/sources/prop/51E840D3[m
	[32mnew file:   .Rproj.user/B8EE9E0A/sources/prop/52AF534E[m
	[32mnew file:   .Rproj.user/B8EE9E0A/sources/prop/79B3D3D3[m
	[32mnew file:   .Rproj.user/B8EE9E0A/sources/prop/B2238FFC[m
	[32mnew file:   .Rproj.user/B8EE9E0A/sources/prop/INDEX[m
	[32mnew file:   .Rproj.user/B8EE9E0A/sources/s-d4649cdf/3844C2BD-contents[m
	[32mnew file:   .Rproj.user/B8EE9E0A/sources/s-d4649cdf/4F228328[m
	[32mnew file:   .Rproj.user/B8EE9E0A/sources/s-d4649cdf/4F228328-contents[m
	[32mnew file:   .Rproj.user/B8EE9E0A/sources/s-d4649cdf/8102DB36[m
	[32mnew file:   .Rproj.user/B8EE9E0A/sources/s-d4649cdf/8102DB36-contents[m
	[32mnew file:   .Rproj.user/B8EE9E0A/sources/s-d4649cdf/C91557E6[m
	[32mnew file:   .Rproj.user/B8EE9E0A/sources/s-d4649cdf/C91557E6-contents[m
	[32mnew file:   .Rproj.user/B8EE9E0A/sources/s-d4649cdf/FEE06711[m
	[32mnew file:   .Rproj.user/B8EE9E0A/sources/s-d4649cdf/FEE06711-contents[m
	[32mnew file:   .Rproj.user/B8EE9E0A/sources/s-d4649cdf/lock_file[m
	[32mnew file:   .Rproj.user/shared/notebooks/11D94CCF-presentation/1/B8EE9E0Ad4649cdf/chunks.json[m
	[32mnew file:   .Rproj.user/shared/notebooks/11D94CCF-presentation/1/s/chunks.json[m
	[32mnew file:   .Rproj.user/shared/notebooks/11D94CCF-presentation/1/s/csetup_chunk/000002.csv[m
	[32mnew file:   .Rproj.user/shared/notebooks/DB827AD7-README/1/B8EE9E0Ad4649cdf/chunks.json[m
	[32mnew file:   .Rproj.user/shared/notebooks/DB827AD7-README/1/s/chunks.json[m
	[32mnew file:   .Rproj.user/shared/notebooks/patch-chunk-names[m
	[32mnew file:   .Rproj.user/shared/notebooks/paths[m
	[32mnew file:   .gitignore[m
	[32mnew file:   Dockerfile[m
	[32mnew file:   README.Rmd[m
	[32mnew file:   fc-gam-talk.Rproj[m
	[32mnew file:   libs/remark-css/default-fonts.css[m
	[32mnew file:   libs/remark-css/default.css[m
	[32mnew file:   package-setup.R[m
	[32mnew file:   presentation.Rmd[m
	[32mnew file:   presentation.html[m
	[32mnew file:   presentation_files/figure-html/map-global-inc-1.svg[m
	[32mnew file:   presentation_files/figure-html/plot-inc--by-country-1.svg[m
	[32mnew file:   presentation_files/figure-html/plot-tb-inc-overview-1.svg[m

Changes not staged for commit:
  (use "git add <file>..." to update what will be committed)
  (use "git checkout -- <file>..." to discard changes in working directory)

	[31mmodified:   .Rproj.user/B8EE9E0A/console06/E52E7404[m
	[31mmodified:   .Rproj.user/B8EE9E0A/console06/INDEX001[m
	[31mmodified:   .Rproj.user/B8EE9E0A/sources/prop/INDEX[m
	[31mmodified:   .Rproj.user/shared/notebooks/paths[m

]0;/home/gam/fc-gam-talkgam@9b1c5d2242a4:~/fc-gam-talk$ git ignore .Rproj.user
git: 'ignore' is not a git command. See 'git --help'.
]0;/home/gam/fc-gam-talkgam@9b1c5d2242a4:~/fc-gam-talk$ git add --all
]0;/home/gam/fc-gam-talkgam@9b1c5d2242a4:~/fc-gam-talk$ git commit -m "added gitignore
> "
[master (root-commit) 10007ef] added gitignore
 36 files changed, 4702 insertions(+)
 create mode 100644 .Rproj.user/B8EE9E0A/console06/E52E7404
 create mode 100644 .Rproj.user/B8EE9E0A/console06/INDEX001
 create mode 100644 .Rproj.user/B8EE9E0A/sources/prop/51E840D3
 create mode 100644 .Rproj.user/B8EE9E0A/sources/prop/52AF534E
 create mode 100644 .Rproj.user/B8EE9E0A/sources/prop/79B3D3D3
 create mode 100644 .Rproj.user/B8EE9E0A/sources/prop/B2238FFC
 create mode 100644 .Rproj.user/B8EE9E0A/sources/prop/INDEX
 create mode 100644 .Rproj.user/B8EE9E0A/sources/s-d4649cdf/3844C2BD-contents
 create mode 100644 .Rproj.user/B8EE9E0A/sources/s-d4649cdf/4F228328
 create mode 100644 .Rproj.user/B8EE9E0A/sources/s-d4649cdf/4F228328-contents
 create mode 100644 .Rproj.user/B8EE9E0A/sources/s-d4649cdf/8102DB36
 create mode 100644 .Rproj.user/B8EE9E0A/sources/s-d4649cdf/8102DB36-contents
 create mode 100644 .Rproj.user/B8EE9E0A/sources/s-d4649cdf/C91557E6
 create mode 100644 .Rproj.user/B8EE9E0A/sources/s-d4649cdf/C91557E6-contents
 create mode 100644 .Rproj.user/B8EE9E0A/sources/s-d4649cdf/FEE06711
 create mode 100644 .Rproj.user/B8EE9E0A/sources/s-d4649cdf/FEE06711-contents
 create mode 100644 .Rproj.user/B8EE9E0A/sources/s-d4649cdf/lock_file
 create mode 100644 .Rproj.user/shared/notebooks/11D94CCF-presentation/1/B8EE9E0Ad4649cdf/chunks.json
 create mode 100644 .Rproj.user/shared/notebooks/11D94CCF-presentation/1/s/chunks.json
 create mode 100644 .Rproj.user/shared/notebooks/11D94CCF-presentation/1/s/csetup_chunk/000002.csv
 create mode 100644 .Rproj.user/shared/notebooks/DB827AD7-README/1/B8EE9E0Ad4649cdf/chunks.json
 create mode 100644 .Rproj.user/shared/notebooks/DB827AD7-README/1/s/chunks.json
 create mode 100644 .Rproj.user/shared/notebooks/patch-chunk-names
 create mode 100644 .Rproj.user/shared/notebooks/paths
 create mode 100644 .gitignore
 create mode 100644 Dockerfile
 create mode 100644 README.Rmd
 create mode 100644 fc-gam-talk.Rproj
 create mode 100644 libs/remark-css/default-fonts.css
 create mode 100644 libs/remark-css/default.css
 create mode 100644 package-setup.R
 create mode 100644 presentation.Rmd
 create mode 100644 presentation.html
 create mode 100644 presentation_files/figure-html/map-global-inc-1.svg
 create mode 100644 presentation_files/figure-html/plot-inc--by-country-1.svg
 create mode 100644 presentation_files/figure-html/plot-tb-inc-overview-1.svg
]0;/home/gam/fc-gam-talkgam@9b1c5d2242a4:~/fc-gam-talk$ git push
fatal: The current branch master has no upstream branch.
To push the current branch and set the remote as upstream, use

    git push --set-upstream origin master

]0;/home/gam/fc-gam-talkgam@9b1c5d2242a4:~/fc-gam-talk$   git push --set-upstream origin masteer
error: cannot run rpostback-askpass: No such file or directory
Username for 'https://github.com': seabbs
error: cannot run rpostback-askpass: No such file or directory
Password for 'https://seabbs@github.com': 
Counting objects: 51, done.
Delta compression using up to 4 threads.
Compressing objects:   2% (1/41)   Compressing objects:   4% (2/41)   Compressing objects:   7% (3/41)   Compressing objects:   9% (4/41)   Compressing objects:  12% (5/41)   Compressing objects:  14% (6/41)   Compressing objects:  17% (7/41)   Compressing objects:  19% (8/41)   Compressing objects:  21% (9/41)   Compressing objects:  24% (10/41)   Compressing objects:  26% (11/41)   Compressing objects:  29% (12/41)   Compressing objects:  31% (13/41)   Compressing objects:  34% (14/41)   Compressing objects:  36% (15/41)   Compressing objects:  39% (16/41)   Compressing objects:  41% (17/41)   Compressing objects:  43% (18/41)   Compressing objects:  46% (19/41)   Compressing objects:  48% (20/41)   Compressing objects:  51% (21/41)   Compressing objects:  53% (22/41)   Compressing objects:  56% (23/41)   Compressing objects:  58% (24/41)   Compressing objects:  60% (25/41)   Compressing objects:  63% (26/41)   Compressing objects:  65% (27/41)   Compressing objects:  68% (28/41)   Compressing objects:  70% (29/41)   Compressing objects:  73% (30/41)   Compressing objects:  75% (31/41)   Compressing objects:  78% (32/41)   Compressing objects:  80% (33/41)   Compressing objects:  82% (34/41)   Compressing objects:  85% (35/41)   Compressing objects:  87% (36/41)   Compressing objects:  90% (37/41)   Compressing objects:  92% (38/41)   Compressing objects:  95% (39/41)   Compressing objects:  97% (40/41)   Compressing objects: 100% (41/41)   Compressing objects: 100% (41/41), done.
Writing objects:   1% (1/51)   Writing objects:   3% (2/51)   Writing objects:   5% (3/51)   Writing objects:   7% (4/51)   Writing objects:   9% (5/51)   Writing objects:  11% (6/51)   Writing objects:  13% (7/51)   Writing objects:  15% (8/51)   Writing objects:  17% (9/51)   Writing objects:  21% (11/51)   Writing objects:  23% (12/51)   Writing objects:  25% (13/51)   Writing objects:  27% (14/51)   Writing objects:  29% (15/51)   Writing objects:  31% (16/51)   Writing objects:  33% (17/51)   Writing objects:  35% (18/51)   Writing objects:  37% (19/51)   Writing objects:  39% (20/51)   Writing objects:  41% (21/51)   Writing objects:  43% (22/51)   Writing objects:  45% (23/51)   Writing objects:  47% (24/51)   Writing objects:  49% (25/51)   Writing objects:  50% (26/51)   Writing objects:  52% (27/51)   Writing objects:  54% (28/51)   Writing objects:  56% (29/51)   Writing objects:  58% (30/51)   Writing objects:  60% (31/51)   Writing objects:  62% (32/51)   Writing objects:  64% (33/51)   Writing objects:  66% (34/51)   Writing objects:  68% (35/51)   Writing objects:  70% (36/51)   Writing objects:  72% (37/51)   Writing objects:  74% (38/51)   Writing objects:  76% (39/51)   Writing objects:  78% (40/51)   Writing objects:  80% (41/51)   Writing objects:  82% (42/51)   Writing objects:  84% (43/51)   Writing objects:  86% (44/51)   Writing objects:  88% (45/51)   Writing objects:  90% (46/51)   Writing objects:  92% (47/51)   Writing objects:  94% (48/51)   Writing objects:  96% (49/51)   Writing objects:  98% (50/51)   Writing objects: 100% (51/51)   Writing objects: 100% (51/51), 200.51 KiB | 0 bytes/s, done.
Total 51 (delta 5), reused 0 (delta 0)
remote: Resolving deltas:   0% (0/5)   [Kremote: Resolving deltas:  60% (3/5)   [Kremote: Resolving deltas:  80% (4/5)   [Kremote: Resolving deltas: 100% (5/5)   [Kremote: Resolving deltas: 100% (5/5), done.[K
remote: 
remote: Create a pull request for 'master' on GitHub by visiting:[K
remote:      https://github.com/seabbs/fc-gam-talk/pull/new/master[K
remote: 
To https://github.com/seabbs/fc-gam-talk.git
 * [new branch]      master -> master
Branch master set up to track remote branch master from origin.
]0;/home/gam/fc-gam-talkgam@9b1c5d2242a4:~/fc-gam-talk$ [Kgam@9b1c5d2242a4:~/fc-gam-talk$  [K[Agam@9b1c5d2242a4:~/fc-gam-talkk$ [K[Agam@9b1c5d2242a4:~/fc-gam-talk$ [Kgam@9b1c5d2242a4:~/fc-gam-talk$ [Kgam@9b1c5d2242a4:~/fc-gam-talk$ git add --all
